build-test-deploy	Verificar rollout	﻿2026-08-24T18:34:28.9013027Z ##[group]Run kubectl rollout status deployment/currencyservice --timeout=30s
build-test-deploy	Verificar rollout	2026-08-24T18:34:28.9013743Z [36;1mkubectl rollout status deployment/currencyservice --timeout=30s[0m
build-test-deploy	Verificar rollout	2026-08-24T18:34:28.9034558Z shell: /usr/bin/bash -e {0}
build-test-deploy	Verificar rollout	2026-08-24T18:34:28.9034808Z ##[endgroup]
build-test-deploy	Verificar rollout	2026-08-24T18:34:29.0856311Z Waiting for deployment "currencyservice" rollout to finish: 0 out of 1 new replicas have been updated...
build-test-deploy	Verificar rollout	2026-08-24T18:34:29.6347613Z Waiting for deployment "currencyservice" rollout to finish: 1 old replicas are pending termination...
build-test-deploy	Verificar rollout	2026-08-24T18:34:56.1477856Z error: timed out waiting for the condition
build-test-deploy	Verificar rollout	2026-08-24T18:34:56.1569216Z ##[error]Process completed with exit code 1.

=== kubectl describe pod (diagnóstico local, capturado direto do cluster) ===
Name:             currencyservice-6fb7b4b74c-lcgpf
Namespace:        default
Priority:         0
Service Account:  currencyservice
Node:             desktop-6t1gt23/172.30.163.109
Start Time:       Mon, 24 Aug 2026 15:34:29 -0300
Labels:           app=currencyservice
                  pod-template-hash=6fb7b4b74c
Annotations:      <none>
Status:           Running
IP:               10.42.0.68
IPs:
  IP:           10.42.0.68
Controlled By:  ReplicaSet/currencyservice-6fb7b4b74c
Containers:
  server:
    Container ID:   containerd://77926fff7aa780cf81abf6bb9a2034db65e37ff07f1a2769c2109995b4fdf041
    Image:          currencyservice:9b4e17dd57a8911b3c825fcc0e5ec6465503a151
    Image ID:       sha256:099da206522eea5eab1073e86f2a651b4e16810f5e7df3b8c7034206e5253ed6
    Port:           7000/TCP (grpc)
    Host Port:      0/TCP (grpc)
    State:          Waiting
      Reason:       CrashLoopBackOff
    Last State:     Terminated
      Reason:       Error
      Exit Code:    1
      Started:      Mon, 24 Aug 2026 15:35:00 -0300
      Finished:     Mon, 24 Aug 2026 15:35:00 -0300
    Ready:          False
    Restart Count:  3
    Limits:
      cpu:     200m
      memory:  128Mi
    Requests:
      cpu:      100m
      memory:   64Mi
    Liveness:   grpc <pod>:7000  delay=0s timeout=1s period=10s #success=1 #failure=3
    Readiness:  grpc <pod>:7000  delay=0s timeout=1s period=10s #success=1 #failure=3
    Environment:
      PORT:              7000
      DISABLE_PROFILER:  1
    Mounts:
      /var/run/secrets/kubernetes.io/serviceaccount from kube-api-access-94qm6 (ro)
Conditions:
  Type                        Status
  PodReadyToStartContainers   True 
  Initialized                 True 
  Ready                       False 
  ContainersReady             False 
  PodScheduled                True 
Volumes:
  kube-api-access-94qm6:
    Type:                    Projected (a volume that contains injected data from multiple sources)
    TokenExpirationSeconds:  3607
    ConfigMapName:           kube-root-ca.crt
    Optional:                false
    DownwardAPI:             true
QoS Class:                   Burstable
Node-Selectors:              <none>
Tolerations:                 node.kubernetes.io/not-ready:NoExecute op=Exists for 300s
                             node.kubernetes.io/unreachable:NoExecute op=Exists for 300s
Events:
  Type     Reason     Age                From               Message
  ----     ------     ----               ----               -------
  Normal   Scheduled  53s                default-scheduler  Successfully assigned default/currencyservice-6fb7b4b74c-lcgpf to desktop-6t1gt23
  Normal   Pulled     22s (x4 over 55s)  kubelet            spec.containers{server}: Container image "currencyservice:9b4e17dd57a8911b3c825fcc0e5ec6465503a151" already present on machine and can be accessed by the pod
  Normal   Created    22s (x4 over 55s)  kubelet            spec.containers{server}: Container created
  Normal   Started    22s (x4 over 55s)  kubelet            spec.containers{server}: Container started
  Warning  Unhealthy  20s (x5 over 54s)  kubelet            spec.containers{server}: Readiness probe failed: timeout: failed to connect service "10.42.0.68:7000" within 1s: context deadline exceeded
  Warning  BackOff    18s (x9 over 53s)  kubelet            spec.containers{server}: Back-off restarting failed container server in pod currencyservice-6fb7b4b74c-lcgpf_default(b7fc4cde-b632-4e38-a6ac-04129a779fa1)
