build-test-deploy	Verificar rollout	﻿2026-08-24T19:31:15.4692307Z ##[group]Run kubectl rollout status deployment/currencyservice --timeout=30s
build-test-deploy	Verificar rollout	2026-08-24T19:31:15.4692827Z [36;1mkubectl rollout status deployment/currencyservice --timeout=30s[0m
build-test-deploy	Verificar rollout	2026-08-24T19:31:15.4711669Z shell: /usr/bin/bash -e {0}
build-test-deploy	Verificar rollout	2026-08-24T19:31:15.4711901Z ##[endgroup]
build-test-deploy	Verificar rollout	2026-08-24T19:31:15.9487154Z Waiting for deployment "currencyservice" rollout to finish: 1 old replicas are pending termination...
build-test-deploy	Verificar rollout	2026-08-24T19:31:42.7213232Z error: timed out waiting for the condition
build-test-deploy	Verificar rollout	2026-08-24T19:31:42.7297977Z ##[error]Process completed with exit code 1.

=== kubectl describe pod (diagnóstico local, capturado direto do cluster) ===
Name:             currencyservice-6f6fcfcfbf-qjlfg
Namespace:        default
Priority:         0
Service Account:  currencyservice
Node:             desktop-6t1gt23/172.30.163.109
Start Time:       Mon, 24 Aug 2026 16:31:15 -0300
Labels:           app=currencyservice
                  pod-template-hash=6f6fcfcfbf
Annotations:      <none>
Status:           Running
IP:               10.42.0.106
IPs:
  IP:           10.42.0.106
Controlled By:  ReplicaSet/currencyservice-6f6fcfcfbf
Containers:
  server:
    Container ID:   containerd://de10496a59eeeb3e97dd08638b7e0317e4088c4cd30b26ac1e222212f26bcf3c
    Image:          currencyservice:0256c98dd53e059e66f49d1a8c9b48ef759eca30
    Image ID:       sha256:62a69665da4fac76d96d17f84485afb4c325d8183eb8dd8959671c43c7eb35c1
    Port:           7000/TCP (grpc)
    Host Port:      0/TCP (grpc)
    State:          Running
      Started:      Mon, 24 Aug 2026 16:33:10 -0300
    Last State:     Terminated
      Reason:       Error
      Exit Code:    137
      Started:      Mon, 24 Aug 2026 16:32:43 -0300
      Finished:     Mon, 24 Aug 2026 16:33:10 -0300
    Ready:          False
    Restart Count:  4
    Limits:
      cpu:     200m
      memory:  128Mi
    Requests:
      cpu:      100m
      memory:   64Mi
    Liveness:   grpc <pod>:9999  delay=0s timeout=1s period=10s #success=1 #failure=3
    Readiness:  grpc <pod>:9999  delay=0s timeout=1s period=10s #success=1 #failure=3
    Environment:
      PORT:              7000
      DISABLE_PROFILER:  1
    Mounts:
      /var/run/secrets/kubernetes.io/serviceaccount from kube-api-access-ds7wt (ro)
Conditions:
  Type                        Status
  PodReadyToStartContainers   True 
  Initialized                 True 
  Ready                       False 
  ContainersReady             False 
  PodScheduled                True 
Volumes:
  kube-api-access-ds7wt:
    Type:                    Projected (a volume that contains injected data from multiple sources)
    TokenExpirationSeconds:  3607
    ConfigMapName:           kube-root-ca.crt
    Optional:                false
    DownwardAPI:             true
QoS Class:                   Burstable
Node-Selectors:              <none>
Tolerations:                 node.kubernetes.io/not-ready:NoExecute op=Exists for 300s
                             node.kubernetes.io/unreachable:NoExecute op=Exists for 300s
Events:
  Type     Reason     Age                 From               Message
  ----     ------     ----                ----               -------
  Normal   Scheduled  2m2s                default-scheduler  Successfully assigned default/currencyservice-6f6fcfcfbf-qjlfg to desktop-6t1gt23
  Warning  Unhealthy  40s (x9 over 111s)  kubelet            spec.containers{server}: Liveness probe failed: timeout: failed to connect service "10.42.0.106:9999" within 1s: context deadline exceeded
  Warning  Unhealthy  33s (x16 over 2m)   kubelet            spec.containers{server}: Readiness probe failed: timeout: failed to connect service "10.42.0.106:9999" within 1s: context deadline exceeded
  Normal   Killing    10s (x4 over 94s)   kubelet            spec.containers{server}: Container server failed liveness probe, will be restarted
  Normal   Pulled     7s (x5 over 2m2s)   kubelet            spec.containers{server}: Container image "currencyservice:0256c98dd53e059e66f49d1a8c9b48ef759eca30" already present on machine and can be accessed by the pod
  Normal   Created    7s (x5 over 2m2s)   kubelet            spec.containers{server}: Container created
  Normal   Started    7s (x5 over 2m1s)   kubelet            spec.containers{server}: Container started
