build-test-deploy	Verificar rollout	﻿2026-08-24T19:40:25.1390502Z ##[group]Run kubectl rollout status deployment/currencyservice --timeout=30s
build-test-deploy	Verificar rollout	2026-08-24T19:40:25.1391006Z [36;1mkubectl rollout status deployment/currencyservice --timeout=30s[0m
build-test-deploy	Verificar rollout	2026-08-24T19:40:25.1410317Z shell: /usr/bin/bash -e {0}
build-test-deploy	Verificar rollout	2026-08-24T19:40:25.1410569Z ##[endgroup]
build-test-deploy	Verificar rollout	2026-08-24T19:40:25.3215170Z Waiting for deployment "currencyservice" rollout to finish: 0 out of 1 new replicas have been updated...
build-test-deploy	Verificar rollout	2026-08-24T19:40:25.4373950Z Waiting for deployment "currencyservice" rollout to finish: 1 old replicas are pending termination...
build-test-deploy	Verificar rollout	2026-08-24T19:40:52.3842174Z error: timed out waiting for the condition
build-test-deploy	Verificar rollout	2026-08-24T19:40:52.3926738Z ##[error]Process completed with exit code 1.

=== kubectl describe pod (diagnóstico local, capturado direto do cluster) ===
Name:             currencyservice-5457bccc6c-tfxbw
Namespace:        default
Priority:         0
Service Account:  currencyservice
Node:             desktop-6t1gt23/172.30.163.109
Start Time:       Mon, 24 Aug 2026 16:40:25 -0300
Labels:           app=currencyservice
                  pod-template-hash=5457bccc6c
Annotations:      <none>
Status:           Running
IP:               10.42.0.112
IPs:
  IP:           10.42.0.112
Controlled By:  ReplicaSet/currencyservice-5457bccc6c
Containers:
  server:
    Container ID:   containerd://94395447b44d6b6f966a4b2d7d7932469f23ef1290e45bff3ebc232681a1bbac
    Image:          currencyservice:1660efa1211fee8e3a8222b1b1455c019c364f4b
    Image ID:       sha256:62a69665da4fac76d96d17f84485afb4c325d8183eb8dd8959671c43c7eb35c1
    Port:           7000/TCP (grpc)
    Host Port:      0/TCP (grpc)
    State:          Running
      Started:      Mon, 24 Aug 2026 16:42:20 -0300
    Last State:     Terminated
      Reason:       Error
      Exit Code:    137
      Started:      Mon, 24 Aug 2026 16:41:53 -0300
      Finished:     Mon, 24 Aug 2026 16:42:20 -0300
    Ready:          False
    Restart Count:  4
    Limits:
      cpu:     200m
      memory:  128Mi
    Requests:
      cpu:      100m
      memory:   64Mi
    Liveness:   grpc <pod>:9999  delay=0s timeout=1s period=10s #success=1 #failure=3
    Readiness:  grpc <pod>:9999  delay=0s timeout=1s period=10s #success=1 #failure=3
    Environment:
      PORT:              7000
      DISABLE_PROFILER:  1
    Mounts:
      /var/run/secrets/kubernetes.io/serviceaccount from kube-api-access-5fdhj (ro)
Conditions:
  Type                        Status
  PodReadyToStartContainers   True 
  Initialized                 True 
  Ready                       False 
  ContainersReady             False 
  PodScheduled                True 
Volumes:
  kube-api-access-5fdhj:
    Type:                    Projected (a volume that contains injected data from multiple sources)
    TokenExpirationSeconds:  3607
    ConfigMapName:           kube-root-ca.crt
    Optional:                false
    DownwardAPI:             true
QoS Class:                   Burstable
Node-Selectors:              <none>
Tolerations:                 node.kubernetes.io/not-ready:NoExecute op=Exists for 300s
                             node.kubernetes.io/unreachable:NoExecute op=Exists for 300s
Events:
  Type     Reason     Age                  From               Message
  ----     ------     ----                 ----               -------
  Normal   Scheduled  119s                 default-scheduler  Successfully assigned default/currencyservice-5457bccc6c-tfxbw to desktop-6t1gt23
  Warning  Unhealthy  37s (x9 over 111s)   kubelet            spec.containers{server}: Liveness probe failed: timeout: failed to connect service "10.42.0.112:9999" within 1s: context deadline exceeded
  Warning  Unhealthy  29s (x16 over 117s)  kubelet            spec.containers{server}: Readiness probe failed: timeout: failed to connect service "10.42.0.112:9999" within 1s: context deadline exceeded
  Normal   Killing    9s (x4 over 91s)     kubelet            spec.containers{server}: Container server failed liveness probe, will be restarted
  Normal   Pulled     4s (x5 over 119s)    kubelet            spec.containers{server}: Container image "currencyservice:1660efa1211fee8e3a8222b1b1455c019c364f4b" already present on machine and can be accessed by the pod
  Normal   Created    4s (x5 over 118s)    kubelet            spec.containers{server}: Container created
  Normal   Started    4s (x5 over 118s)    kubelet            spec.containers{server}: Container started
