build-test-deploy	Verificar rollout	﻿2026-08-24T19:00:11.0602817Z ##[group]Run kubectl rollout status deployment/currencyservice --timeout=30s
build-test-deploy	Verificar rollout	2026-08-24T19:00:11.0603323Z [36;1mkubectl rollout status deployment/currencyservice --timeout=30s[0m
build-test-deploy	Verificar rollout	2026-08-24T19:00:11.0623488Z shell: /usr/bin/bash -e {0}
build-test-deploy	Verificar rollout	2026-08-24T19:00:11.0623755Z ##[endgroup]
build-test-deploy	Verificar rollout	2026-08-24T19:00:11.7317955Z Waiting for deployment "currencyservice" rollout to finish: 1 old replicas are pending termination...
build-test-deploy	Verificar rollout	2026-08-24T19:00:38.3156097Z error: timed out waiting for the condition
build-test-deploy	Verificar rollout	2026-08-24T19:00:38.3238686Z ##[error]Process completed with exit code 1.

=== kubectl describe pod (diagnóstico local, capturado direto do cluster) ===
Name:             currencyservice-5584b7bb47-sdrhz
Namespace:        default
Priority:         0
Service Account:  currencyservice
Node:             desktop-6t1gt23/172.30.163.109
Start Time:       Mon, 24 Aug 2026 16:00:11 -0300
Labels:           app=currencyservice
                  pod-template-hash=5584b7bb47
Annotations:      <none>
Status:           Running
IP:               10.42.0.94
IPs:
  IP:           10.42.0.94
Controlled By:  ReplicaSet/currencyservice-5584b7bb47
Containers:
  server:
    Container ID:   containerd://5e52b638e15b2c5e5e08228ac1cdea203c0b27295bd5dc61db78b987ca8cdee2
    Image:          currencyservice:0fd3dd3b48f9632b98af10fb8b9d4593e27ff491
    Image ID:       sha256:62a69665da4fac76d96d17f84485afb4c325d8183eb8dd8959671c43c7eb35c1
    Port:           7000/TCP (grpc)
    Host Port:      0/TCP (grpc)
    State:          Waiting
      Reason:       CrashLoopBackOff
    Last State:     Terminated
      Reason:       OOMKilled
      Exit Code:    137
      Started:      Mon, 24 Aug 2026 16:00:50 -0300
      Finished:     Mon, 24 Aug 2026 16:00:51 -0300
    Ready:          False
    Restart Count:  3
    Limits:
      cpu:     200m
      memory:  16Mi
    Requests:
      cpu:      100m
      memory:   8Mi
    Liveness:   grpc <pod>:7000  delay=0s timeout=1s period=10s #success=1 #failure=3
    Readiness:  grpc <pod>:7000  delay=0s timeout=1s period=10s #success=1 #failure=3
    Environment:
      PORT:              7000
      DISABLE_PROFILER:  1
    Mounts:
      /var/run/secrets/kubernetes.io/serviceaccount from kube-api-access-xl79z (ro)
Conditions:
  Type                        Status
  PodReadyToStartContainers   True 
  Initialized                 True 
  Ready                       False 
  ContainersReady             False 
  PodScheduled                True 
Volumes:
  kube-api-access-xl79z:
    Type:                    Projected (a volume that contains injected data from multiple sources)
    TokenExpirationSeconds:  3607
    ConfigMapName:           kube-root-ca.crt
    Optional:                false
    DownwardAPI:             true
QoS Class:                   Burstable
Node-Selectors:              <none>
Tolerations:                 node.kubernetes.io/not-ready:NoExecute op=Exists for 300s
                             node.kubernetes.io/unreachable:NoExecute op=Exists for 300s
Events:
  Type     Reason     Age                From               Message
  ----     ------     ----               ----               -------
  Normal   Scheduled  55s                default-scheduler  Successfully assigned default/currencyservice-5584b7bb47-sdrhz to desktop-6t1gt23
  Normal   Pulled     16s (x4 over 55s)  kubelet            spec.containers{server}: Container image "currencyservice:0fd3dd3b48f9632b98af10fb8b9d4593e27ff491" already present on machine and can be accessed by the pod
  Normal   Created    16s (x4 over 55s)  kubelet            spec.containers{server}: Container created
  Normal   Started    16s (x4 over 55s)  kubelet            spec.containers{server}: Container started
  Warning  Unhealthy  14s (x7 over 54s)  kubelet            spec.containers{server}: Readiness probe failed: timeout: failed to connect service "10.42.0.94:7000" within 1s: context deadline exceeded
  Warning  BackOff    11s (x8 over 52s)  kubelet            spec.containers{server}: Back-off restarting failed container server in pod currencyservice-5584b7bb47-sdrhz_default(c8ff09cd-d603-436f-802c-99d86f156cd6)
