build-test-deploy	Verificar rollout	﻿2026-08-24T18:38:31.5879221Z ##[group]Run kubectl rollout status deployment/currencyservice --timeout=30s
build-test-deploy	Verificar rollout	2026-08-24T18:38:31.5879713Z [36;1mkubectl rollout status deployment/currencyservice --timeout=30s[0m
build-test-deploy	Verificar rollout	2026-08-24T18:38:31.5898926Z shell: /usr/bin/bash -e {0}
build-test-deploy	Verificar rollout	2026-08-24T18:38:31.5899142Z ##[endgroup]
build-test-deploy	Verificar rollout	2026-08-24T18:38:31.7703574Z Waiting for deployment "currencyservice" rollout to finish: 0 out of 1 new replicas have been updated...
build-test-deploy	Verificar rollout	2026-08-24T18:38:31.8889661Z Waiting for deployment "currencyservice" rollout to finish: 1 old replicas are pending termination...
build-test-deploy	Verificar rollout	2026-08-24T18:38:58.8338747Z error: timed out waiting for the condition
build-test-deploy	Verificar rollout	2026-08-24T18:38:58.8412751Z ##[error]Process completed with exit code 1.

=== kubectl describe pod (diagnóstico local, capturado direto do cluster) ===
Name:             currencyservice-c4b647467-ns8m2
Namespace:        default
Priority:         0
Service Account:  currencyservice
Node:             desktop-6t1gt23/172.30.163.109
Start Time:       Mon, 24 Aug 2026 15:38:31 -0300
Labels:           app=currencyservice
                  pod-template-hash=c4b647467
Annotations:      <none>
Status:           Running
IP:               10.42.0.72
IPs:
  IP:           10.42.0.72
Controlled By:  ReplicaSet/currencyservice-c4b647467
Containers:
  server:
    Container ID:   containerd://e5db37cc5c6852f78f0a54eba7087f1114f08c2ba58594798a0539b3c6e9dc03
    Image:          currencyservice:7d13dc379fc4f15b18147c1f6cead964a67b4a59
    Image ID:       sha256:c4a92c16f5e265bad46e21543792d162b992574dbd71b88219b1fc5d12e8f93e
    Port:           7000/TCP (grpc)
    Host Port:      0/TCP (grpc)
    State:          Waiting
      Reason:       CrashLoopBackOff
    Last State:     Terminated
      Reason:       Error
      Exit Code:    1
      Started:      Mon, 24 Aug 2026 15:39:09 -0300
      Finished:     Mon, 24 Aug 2026 15:39:11 -0300
    Ready:          False
    Restart Count:  3
    Limits:
      cpu:     200m
      memory:  128Mi
    Requests:
      cpu:      100m
      memory:   64Mi
    Liveness:   grpc <pod>:7000  delay=0s timeout=1s period=10s #success=1 #failure=3
    Readiness:  grpc <pod>:7000  delay=0s timeout=1s period=10s #success=1 #failure=3
    Environment:
      PORT:              7000
      DISABLE_PROFILER:  1
    Mounts:
      /var/run/secrets/kubernetes.io/serviceaccount from kube-api-access-x7dj2 (ro)
Conditions:
  Type                        Status
  PodReadyToStartContainers   True 
  Initialized                 True 
  Ready                       False 
  ContainersReady             False 
  PodScheduled                True 
Volumes:
  kube-api-access-x7dj2:
    Type:                    Projected (a volume that contains injected data from multiple sources)
    TokenExpirationSeconds:  3607
    ConfigMapName:           kube-root-ca.crt
    Optional:                false
    DownwardAPI:             true
QoS Class:                   Burstable
Node-Selectors:              <none>
Tolerations:                 node.kubernetes.io/not-ready:NoExecute op=Exists for 300s
                             node.kubernetes.io/unreachable:NoExecute op=Exists for 300s
Events:
  Type     Reason     Age                From               Message
  ----     ------     ----               ----               -------
  Normal   Scheduled  55s                default-scheduler  Successfully assigned default/currencyservice-c4b647467-ns8m2 to desktop-6t1gt23
  Normal   Pulled     18s (x4 over 55s)  kubelet            spec.containers{server}: Container image "currencyservice:7d13dc379fc4f15b18147c1f6cead964a67b4a59" already present on machine and can be accessed by the pod
  Normal   Created    18s (x4 over 55s)  kubelet            spec.containers{server}: Container created
  Normal   Started    18s (x4 over 55s)  kubelet            spec.containers{server}: Container started
  Warning  Unhealthy  16s (x6 over 54s)  kubelet            spec.containers{server}: Readiness probe failed: timeout: failed to connect service "10.42.0.72:7000" within 1s: context deadline exceeded
  Warning  BackOff    8s (x7 over 51s)   kubelet            spec.containers{server}: Back-off restarting failed container server in pod currencyservice-c4b647467-ns8m2_default(90f219bd-9f96-4500-8e97-1e77acaf8168)
