build-test-deploy	Verificar rollout	﻿2026-08-24T18:19:03.5958712Z ##[group]Run kubectl rollout status deployment/currencyservice --timeout=30s
build-test-deploy	Verificar rollout	2026-08-24T18:19:03.5959263Z [36;1mkubectl rollout status deployment/currencyservice --timeout=30s[0m
build-test-deploy	Verificar rollout	2026-08-24T18:19:03.5982968Z shell: /usr/bin/bash -e {0}
build-test-deploy	Verificar rollout	2026-08-24T18:19:03.5983383Z ##[endgroup]
build-test-deploy	Verificar rollout	2026-08-24T18:19:04.1361697Z Waiting for deployment "currencyservice" rollout to finish: 1 old replicas are pending termination...
build-test-deploy	Verificar rollout	2026-08-24T18:19:30.8455010Z error: timed out waiting for the condition
build-test-deploy	Verificar rollout	2026-08-24T18:19:30.8533837Z ##[error]Process completed with exit code 1.

=== kubectl describe pod (diagnóstico local, capturado direto do cluster) ===
Name:             currencyservice-66c6db7f7-6b98l
Namespace:        default
Priority:         0
Service Account:  currencyservice
Node:             desktop-6t1gt23/172.30.163.109
Start Time:       Mon, 24 Aug 2026 15:19:03 -0300
Labels:           app=currencyservice
                  pod-template-hash=66c6db7f7
Annotations:      <none>
Status:           Running
IP:               10.42.0.52
IPs:
  IP:           10.42.0.52
Controlled By:  ReplicaSet/currencyservice-66c6db7f7
Containers:
  server:
    Container ID:   containerd://e4d76aa6ea9397e233ca7a13e12d7117d7c9169e93457bb13fe81e9f19bb00bf
    Image:          currencyservice:a79dc6579cdab8817921794177b04f5003214a8b
    Image ID:       sha256:c4a92c16f5e265bad46e21543792d162b992574dbd71b88219b1fc5d12e8f93e
    Port:           7000/TCP (grpc)
    Host Port:      0/TCP (grpc)
    State:          Waiting
      Reason:       CrashLoopBackOff
    Last State:     Terminated
      Reason:       Error
      Exit Code:    1
      Started:      Mon, 24 Aug 2026 15:19:42 -0300
      Finished:     Mon, 24 Aug 2026 15:19:43 -0300
    Ready:          False
    Restart Count:  3
    Limits:
      cpu:     200m
      memory:  128Mi
    Requests:
      cpu:      100m
      memory:   64Mi
    Liveness:   grpc <pod>:7000  delay=0s timeout=1s period=10s #success=1 #failure=3
    Readiness:  grpc <pod>:7000  delay=0s timeout=1s period=10s #success=1 #failure=3
    Environment:
      PORT:              7000
      DISABLE_PROFILER:  1
    Mounts:
      /var/run/secrets/kubernetes.io/serviceaccount from kube-api-access-fts5n (ro)
Conditions:
  Type                        Status
  PodReadyToStartContainers   True 
  Initialized                 True 
  Ready                       False 
  ContainersReady             False 
  PodScheduled                True 
Volumes:
  kube-api-access-fts5n:
    Type:                    Projected (a volume that contains injected data from multiple sources)
    TokenExpirationSeconds:  3607
    ConfigMapName:           kube-root-ca.crt
    Optional:                false
    DownwardAPI:             true
QoS Class:                   Burstable
Node-Selectors:              <none>
Tolerations:                 node.kubernetes.io/not-ready:NoExecute op=Exists for 300s
                             node.kubernetes.io/unreachable:NoExecute op=Exists for 300s
Events:
  Type     Reason     Age                From               Message
  ----     ------     ----               ----               -------
  Normal   Scheduled  56s                default-scheduler  Successfully assigned default/currencyservice-66c6db7f7-6b98l to desktop-6t1gt23
  Normal   Pulled     18s (x4 over 56s)  kubelet            spec.containers{server}: Container image "currencyservice:a79dc6579cdab8817921794177b04f5003214a8b" already present on machine and can be accessed by the pod
  Normal   Created    18s (x4 over 56s)  kubelet            spec.containers{server}: Container created
  Normal   Started    18s (x4 over 56s)  kubelet            spec.containers{server}: Container started
  Warning  Unhealthy  16s (x8 over 55s)  kubelet            spec.containers{server}: Readiness probe failed: timeout: failed to connect service "10.42.0.52:7000" within 1s: context deadline exceeded
  Warning  BackOff    12s (x6 over 52s)  kubelet            spec.containers{server}: Back-off restarting failed container server in pod currencyservice-66c6db7f7-6b98l_default(bb66036f-b0ab-4000-8f60-78fd7905d137)
