build-test-deploy	Verificar rollout	﻿2026-08-24T18:51:57.8140843Z ##[group]Run kubectl rollout status deployment/currencyservice --timeout=30s
build-test-deploy	Verificar rollout	2026-08-24T18:51:57.8141342Z [36;1mkubectl rollout status deployment/currencyservice --timeout=30s[0m
build-test-deploy	Verificar rollout	2026-08-24T18:51:57.8159976Z shell: /usr/bin/bash -e {0}
build-test-deploy	Verificar rollout	2026-08-24T18:51:57.8160196Z ##[endgroup]
build-test-deploy	Verificar rollout	2026-08-24T18:51:58.0070123Z Waiting for deployment "currencyservice" rollout to finish: 0 out of 1 new replicas have been updated...
build-test-deploy	Verificar rollout	2026-08-24T18:51:58.0270463Z Waiting for deployment "currencyservice" rollout to finish: 1 old replicas are pending termination...
build-test-deploy	Verificar rollout	2026-08-24T18:52:25.0685814Z error: timed out waiting for the condition
build-test-deploy	Verificar rollout	2026-08-24T18:52:25.0774173Z ##[error]Process completed with exit code 1.

=== kubectl describe pod (diagnóstico local, capturado direto do cluster) ===
Name:             currencyservice-654c6664c8-29lfz
Namespace:        default
Priority:         0
Service Account:  currencyservice
Node:             desktop-6t1gt23/172.30.163.109
Start Time:       Mon, 24 Aug 2026 15:51:58 -0300
Labels:           app=currencyservice
                  pod-template-hash=654c6664c8
Annotations:      <none>
Status:           Running
IP:               10.42.0.86
IPs:
  IP:           10.42.0.86
Controlled By:  ReplicaSet/currencyservice-654c6664c8
Containers:
  server:
    Container ID:   containerd://1c23e4fa9ad5820582824c0b303d4a45d6074e5940ba6eef0f8a2342df08d787
    Image:          currencyservice:ddb41c76b72a8ea34aa1079d00fab17ff99716bb
    Image ID:       sha256:62a69665da4fac76d96d17f84485afb4c325d8183eb8dd8959671c43c7eb35c1
    Port:           7000/TCP (grpc)
    Host Port:      0/TCP (grpc)
    State:          Terminated
      Reason:       Error
      Exit Code:    1
      Started:      Mon, 24 Aug 2026 15:52:40 -0300
      Finished:     Mon, 24 Aug 2026 15:52:42 -0300
    Last State:     Terminated
      Reason:       Error
      Exit Code:    1
      Started:      Mon, 24 Aug 2026 15:52:15 -0300
      Finished:     Mon, 24 Aug 2026 15:52:17 -0300
    Ready:          False
    Restart Count:  3
    Limits:
      cpu:     200m
      memory:  128Mi
    Requests:
      cpu:      100m
      memory:   64Mi
    Liveness:   grpc <pod>:7000  delay=0s timeout=1s period=10s #success=1 #failure=3
    Readiness:  grpc <pod>:7000  delay=0s timeout=1s period=10s #success=1 #failure=3
    Environment:
      PORT:              999999
      DISABLE_PROFILER:  1
    Mounts:
      /var/run/secrets/kubernetes.io/serviceaccount from kube-api-access-drzgf (ro)
Conditions:
  Type                        Status
  PodReadyToStartContainers   True 
  Initialized                 True 
  Ready                       False 
  ContainersReady             False 
  PodScheduled                True 
Volumes:
  kube-api-access-drzgf:
    Type:                    Projected (a volume that contains injected data from multiple sources)
    TokenExpirationSeconds:  3607
    ConfigMapName:           kube-root-ca.crt
    Optional:                false
    DownwardAPI:             true
QoS Class:                   Burstable
Node-Selectors:              <none>
Tolerations:                 node.kubernetes.io/not-ready:NoExecute op=Exists for 300s
                             node.kubernetes.io/unreachable:NoExecute op=Exists for 300s
Events:
  Type     Reason     Age                From               Message
  ----     ------     ----               ----               -------
  Normal   Scheduled  53s                default-scheduler  Successfully assigned default/currencyservice-654c6664c8-29lfz to desktop-6t1gt23
  Normal   Pulled     11s (x4 over 53s)  kubelet            spec.containers{server}: Container image "currencyservice:ddb41c76b72a8ea34aa1079d00fab17ff99716bb" already present on machine and can be accessed by the pod
  Normal   Created    11s (x4 over 53s)  kubelet            spec.containers{server}: Container created
  Normal   Started    11s (x4 over 53s)  kubelet            spec.containers{server}: Container started
  Warning  Unhealthy  9s (x8 over 52s)   kubelet            spec.containers{server}: Readiness probe failed: timeout: failed to connect service "10.42.0.86:7000" within 1s: context deadline exceeded
  Warning  BackOff    8s (x5 over 48s)   kubelet            spec.containers{server}: Back-off restarting failed container server in pod currencyservice-654c6664c8-29lfz_default(2f4b631b-c064-4f96-bbba-281ea5aa66f0)
  Warning  Unhealthy  8s                 kubelet            spec.containers{server}: Liveness probe failed: timeout: failed to connect service "10.42.0.86:7000" within 1s: context deadline exceeded
