build-test-deploy	Verificar rollout	﻿2026-08-24T18:58:14.2853616Z ##[group]Run kubectl rollout status deployment/currencyservice --timeout=30s
build-test-deploy	Verificar rollout	2026-08-24T18:58:14.2854112Z [36;1mkubectl rollout status deployment/currencyservice --timeout=30s[0m
build-test-deploy	Verificar rollout	2026-08-24T18:58:14.2879930Z shell: /usr/bin/bash -e {0}
build-test-deploy	Verificar rollout	2026-08-24T18:58:14.2880375Z ##[endgroup]
build-test-deploy	Verificar rollout	2026-08-24T18:58:14.4744640Z Waiting for deployment "currencyservice" rollout to finish: 0 out of 1 new replicas have been updated...
build-test-deploy	Verificar rollout	2026-08-24T18:58:14.8930141Z Waiting for deployment "currencyservice" rollout to finish: 1 old replicas are pending termination...
build-test-deploy	Verificar rollout	2026-08-24T18:58:41.5391620Z error: timed out waiting for the condition
build-test-deploy	Verificar rollout	2026-08-24T18:58:41.5472621Z ##[error]Process completed with exit code 1.

=== kubectl describe pod (diagnóstico local, capturado direto do cluster) ===
Name:             currencyservice-5b5d6d5f4b-lrd5d
Namespace:        default
Priority:         0
Service Account:  currencyservice
Node:             desktop-6t1gt23/172.30.163.109
Start Time:       Mon, 24 Aug 2026 15:58:14 -0300
Labels:           app=currencyservice
                  pod-template-hash=5b5d6d5f4b
Annotations:      <none>
Status:           Running
IP:               10.42.0.92
IPs:
  IP:           10.42.0.92
Controlled By:  ReplicaSet/currencyservice-5b5d6d5f4b
Containers:
  server:
    Container ID:   containerd://4adec08be40b3c1c10f3139c073616b4f61faf9f529cd99de0d98a6c19c25bcc
    Image:          currencyservice:3ec6f6054a1cc7130373e9203ebf2986346e39db
    Image ID:       sha256:c4a92c16f5e265bad46e21543792d162b992574dbd71b88219b1fc5d12e8f93e
    Port:           7000/TCP (grpc)
    Host Port:      0/TCP (grpc)
    State:          Waiting
      Reason:       CrashLoopBackOff
    Last State:     Terminated
      Reason:       Error
      Exit Code:    1
      Started:      Mon, 24 Aug 2026 15:58:54 -0300
      Finished:     Mon, 24 Aug 2026 15:58:56 -0300
    Ready:          False
    Restart Count:  3
    Limits:
      cpu:     200m
      memory:  128Mi
    Requests:
      cpu:      100m
      memory:   64Mi
    Liveness:   grpc <pod>:7000  delay=0s timeout=1s period=10s #success=1 #failure=3
    Readiness:  grpc <pod>:7000  delay=0s timeout=1s period=10s #success=1 #failure=3
    Environment:
      PORT:              7000
      DISABLE_PROFILER:  1
    Mounts:
      /var/run/secrets/kubernetes.io/serviceaccount from kube-api-access-xlf5q (ro)
Conditions:
  Type                        Status
  PodReadyToStartContainers   True 
  Initialized                 True 
  Ready                       False 
  ContainersReady             False 
  PodScheduled                True 
Volumes:
  kube-api-access-xlf5q:
    Type:                    Projected (a volume that contains injected data from multiple sources)
    TokenExpirationSeconds:  3607
    ConfigMapName:           kube-root-ca.crt
    Optional:                false
    DownwardAPI:             true
QoS Class:                   Burstable
Node-Selectors:              <none>
Tolerations:                 node.kubernetes.io/not-ready:NoExecute op=Exists for 300s
                             node.kubernetes.io/unreachable:NoExecute op=Exists for 300s
Events:
  Type     Reason     Age                From               Message
  ----     ------     ----               ----               -------
  Normal   Scheduled  54s                default-scheduler  Successfully assigned default/currencyservice-5b5d6d5f4b-lrd5d to desktop-6t1gt23
  Warning  Unhealthy  36s                kubelet            spec.containers{server}: Liveness probe failed: timeout: failed to connect service "10.42.0.92:7000" within 1s: context deadline exceeded
  Normal   Pulled     15s (x4 over 54s)  kubelet            spec.containers{server}: Container image "currencyservice:3ec6f6054a1cc7130373e9203ebf2986346e39db" already present on machine and can be accessed by the pod
  Normal   Created    15s (x4 over 54s)  kubelet            spec.containers{server}: Container created
  Normal   Started    15s (x4 over 54s)  kubelet            spec.containers{server}: Container started
  Warning  Unhealthy  13s (x8 over 53s)  kubelet            spec.containers{server}: Readiness probe failed: timeout: failed to connect service "10.42.0.92:7000" within 1s: context deadline exceeded
  Warning  BackOff    10s (x7 over 49s)  kubelet            spec.containers{server}: Back-off restarting failed container server in pod currencyservice-5b5d6d5f4b-lrd5d_default(7ba566eb-70f0-41d2-bb6f-f66f7e6ef2dc)
