build-test-deploy	Verificar rollout	﻿2026-08-24T18:40:28.1981385Z ##[group]Run kubectl rollout status deployment/currencyservice --timeout=30s
build-test-deploy	Verificar rollout	2026-08-24T18:40:28.1981976Z [36;1mkubectl rollout status deployment/currencyservice --timeout=30s[0m
build-test-deploy	Verificar rollout	2026-08-24T18:40:28.2000786Z shell: /usr/bin/bash -e {0}
build-test-deploy	Verificar rollout	2026-08-24T18:40:28.2001010Z ##[endgroup]
build-test-deploy	Verificar rollout	2026-08-24T18:40:28.3841462Z Waiting for deployment "currencyservice" rollout to finish: 0 out of 1 new replicas have been updated...
build-test-deploy	Verificar rollout	2026-08-24T18:40:28.5057610Z Waiting for deployment "currencyservice" rollout to finish: 1 old replicas are pending termination...
build-test-deploy	Verificar rollout	2026-08-24T18:40:55.4474169Z error: timed out waiting for the condition
build-test-deploy	Verificar rollout	2026-08-24T18:40:55.4555214Z ##[error]Process completed with exit code 1.

=== kubectl describe pod (diagnóstico local, capturado direto do cluster) ===
Name:             currencyservice-f5bbfb598-g2m4q
Namespace:        default
Priority:         0
Service Account:  currencyservice
Node:             desktop-6t1gt23/172.30.163.109
Start Time:       Mon, 24 Aug 2026 15:40:28 -0300
Labels:           app=currencyservice
                  pod-template-hash=f5bbfb598
Annotations:      <none>
Status:           Running
IP:               10.42.0.74
IPs:
  IP:           10.42.0.74
Controlled By:  ReplicaSet/currencyservice-f5bbfb598
Containers:
  server:
    Container ID:   containerd://03f161b047ccd2b22d725dddea143493fbdb8c540e5df3997fab2b75142d6603
    Image:          currencyservice:cb4f1ee73ddffd483f185eb32fd5236e34c466a7
    Image ID:       sha256:62a69665da4fac76d96d17f84485afb4c325d8183eb8dd8959671c43c7eb35c1
    Port:           7000/TCP (grpc)
    Host Port:      0/TCP (grpc)
    State:          Waiting
      Reason:       CrashLoopBackOff
    Last State:     Terminated
      Reason:       OOMKilled
      Exit Code:    137
      Started:      Mon, 24 Aug 2026 15:41:04 -0300
      Finished:     Mon, 24 Aug 2026 15:41:04 -0300
    Ready:          False
    Restart Count:  3
    Limits:
      cpu:     200m
      memory:  16Mi
    Requests:
      cpu:      100m
      memory:   8Mi
    Liveness:   grpc <pod>:7000  delay=0s timeout=1s period=10s #success=1 #failure=3
    Readiness:  grpc <pod>:7000  delay=0s timeout=1s period=10s #success=1 #failure=3
    Environment:
      PORT:              7000
      DISABLE_PROFILER:  1
    Mounts:
      /var/run/secrets/kubernetes.io/serviceaccount from kube-api-access-lrqwn (ro)
Conditions:
  Type                        Status
  PodReadyToStartContainers   True 
  Initialized                 True 
  Ready                       False 
  ContainersReady             False 
  PodScheduled                True 
Volumes:
  kube-api-access-lrqwn:
    Type:                    Projected (a volume that contains injected data from multiple sources)
    TokenExpirationSeconds:  3607
    ConfigMapName:           kube-root-ca.crt
    Optional:                false
    DownwardAPI:             true
QoS Class:                   Burstable
Node-Selectors:              <none>
Tolerations:                 node.kubernetes.io/not-ready:NoExecute op=Exists for 300s
                             node.kubernetes.io/unreachable:NoExecute op=Exists for 300s
Events:
  Type     Reason     Age                From               Message
  ----     ------     ----               ----               -------
  Normal   Scheduled  54s                default-scheduler  Successfully assigned default/currencyservice-f5bbfb598-g2m4q to desktop-6t1gt23
  Normal   Pulled     18s (x4 over 53s)  kubelet            spec.containers{server}: Container image "currencyservice:cb4f1ee73ddffd483f185eb32fd5236e34c466a7" already present on machine and can be accessed by the pod
  Normal   Created    18s (x4 over 53s)  kubelet            spec.containers{server}: Container created
  Normal   Started    18s (x4 over 53s)  kubelet            spec.containers{server}: Container started
  Warning  Unhealthy  16s (x7 over 52s)  kubelet            spec.containers{server}: Readiness probe failed: timeout: failed to connect service "10.42.0.74:7000" within 1s: context deadline exceeded
  Warning  BackOff    16s (x8 over 51s)  kubelet            spec.containers{server}: Back-off restarting failed container server in pod currencyservice-f5bbfb598-g2m4q_default(e6df6903-3055-4de3-a935-d261dd05f2fb)
