build-test-deploy	Verificar rollout	﻿2026-08-24T19:05:56.9471494Z ##[group]Run kubectl rollout status deployment/currencyservice --timeout=30s
build-test-deploy	Verificar rollout	2026-08-24T19:05:56.9472039Z [36;1mkubectl rollout status deployment/currencyservice --timeout=30s[0m
build-test-deploy	Verificar rollout	2026-08-24T19:05:56.9491955Z shell: /usr/bin/bash -e {0}
build-test-deploy	Verificar rollout	2026-08-24T19:05:56.9492188Z ##[endgroup]
build-test-deploy	Verificar rollout	2026-08-24T19:05:57.5953242Z Waiting for deployment "currencyservice" rollout to finish: 1 old replicas are pending termination...
build-test-deploy	Verificar rollout	2026-08-24T19:06:24.2040823Z error: timed out waiting for the condition
build-test-deploy	Verificar rollout	2026-08-24T19:06:24.2134930Z ##[error]Process completed with exit code 1.

=== kubectl describe pod (diagnóstico local, capturado direto do cluster) ===
Name:             currencyservice-58fb77c8dd-fbmpz
Namespace:        default
Priority:         0
Service Account:  currencyservice
Node:             desktop-6t1gt23/172.30.163.109
Start Time:       Mon, 24 Aug 2026 16:05:56 -0300
Labels:           app=currencyservice
                  pod-template-hash=58fb77c8dd
Annotations:      <none>
Status:           Running
IP:               10.42.0.100
IPs:
  IP:           10.42.0.100
Controlled By:  ReplicaSet/currencyservice-58fb77c8dd
Containers:
  server:
    Container ID:   containerd://7b281b71d933c072a9f588fceb4c19cdfe00b0afba87ac5f4ee1fb3681b2933f
    Image:          currencyservice:732afcb96b80538576638828e757ed765d76d702
    Image ID:       sha256:62a69665da4fac76d96d17f84485afb4c325d8183eb8dd8959671c43c7eb35c1
    Port:           7000/TCP (grpc)
    Host Port:      0/TCP (grpc)
    State:          Running
      Started:      Mon, 24 Aug 2026 16:06:30 -0300
    Last State:     Terminated
      Reason:       Error
      Exit Code:    137
      Started:      Mon, 24 Aug 2026 16:05:57 -0300
      Finished:     Mon, 24 Aug 2026 16:06:30 -0300
    Ready:          False
    Restart Count:  1
    Limits:
      cpu:     200m
      memory:  128Mi
    Requests:
      cpu:      100m
      memory:   64Mi
    Liveness:   grpc <pod>:9999  delay=0s timeout=1s period=10s #success=1 #failure=3
    Readiness:  grpc <pod>:9999  delay=0s timeout=1s period=10s #success=1 #failure=3
    Environment:
      PORT:              7000
      DISABLE_PROFILER:  1
    Mounts:
      /var/run/secrets/kubernetes.io/serviceaccount from kube-api-access-sxx7j (ro)
Conditions:
  Type                        Status
  PodReadyToStartContainers   True 
  Initialized                 True 
  Ready                       False 
  ContainersReady             False 
  PodScheduled                True 
Volumes:
  kube-api-access-sxx7j:
    Type:                    Projected (a volume that contains injected data from multiple sources)
    TokenExpirationSeconds:  3607
    ConfigMapName:           kube-root-ca.crt
    Optional:                false
    DownwardAPI:             true
QoS Class:                   Burstable
Node-Selectors:              <none>
Tolerations:                 node.kubernetes.io/not-ready:NoExecute op=Exists for 300s
                             node.kubernetes.io/unreachable:NoExecute op=Exists for 300s
Events:
  Type     Reason     Age                From               Message
  ----     ------     ----               ----               -------
  Normal   Scheduled  56s                default-scheduler  Successfully assigned default/currencyservice-58fb77c8dd-fbmpz to desktop-6t1gt23
  Normal   Pulled     23s (x2 over 56s)  kubelet            spec.containers{server}: Container image "currencyservice:732afcb96b80538576638828e757ed765d76d702" already present on machine and can be accessed by the pod
  Normal   Created    23s (x2 over 56s)  kubelet            spec.containers{server}: Container created
  Normal   Started    23s (x2 over 56s)  kubelet            spec.containers{server}: Container started
  Warning  Unhealthy  4s (x9 over 55s)   kubelet            spec.containers{server}: Readiness probe failed: timeout: failed to connect service "10.42.0.100:9999" within 1s: context deadline exceeded
  Warning  Unhealthy  1s (x6 over 45s)   kubelet            spec.containers{server}: Liveness probe failed: timeout: failed to connect service "10.42.0.100:9999" within 1s: context deadline exceeded
  Normal   Killing    1s (x2 over 28s)   kubelet            spec.containers{server}: Container server failed liveness probe, will be restarted
