build-test-deploy	Verificar rollout	﻿2026-08-24T18:23:08.2916806Z ##[group]Run kubectl rollout status deployment/currencyservice --timeout=30s
build-test-deploy	Verificar rollout	2026-08-24T18:23:08.2917315Z [36;1mkubectl rollout status deployment/currencyservice --timeout=30s[0m
build-test-deploy	Verificar rollout	2026-08-24T18:23:08.2936344Z shell: /usr/bin/bash -e {0}
build-test-deploy	Verificar rollout	2026-08-24T18:23:08.2936573Z ##[endgroup]
build-test-deploy	Verificar rollout	2026-08-24T18:23:08.4840372Z Waiting for deployment "currencyservice" rollout to finish: 0 out of 1 new replicas have been updated...
build-test-deploy	Verificar rollout	2026-08-24T18:23:09.0955050Z Waiting for deployment "currencyservice" rollout to finish: 1 old replicas are pending termination...
build-test-deploy	Verificar rollout	2026-08-24T18:23:35.5450776Z error: timed out waiting for the condition
build-test-deploy	Verificar rollout	2026-08-24T18:23:35.5535922Z ##[error]Process completed with exit code 1.

=== kubectl describe pod (diagnóstico local, capturado direto do cluster) ===
Name:             currencyservice-bcf6dd58d-tggxf
Namespace:        default
Priority:         0
Service Account:  currencyservice
Node:             desktop-6t1gt23/172.30.163.109
Start Time:       Mon, 24 Aug 2026 15:23:09 -0300
Labels:           app=currencyservice
                  pod-template-hash=bcf6dd58d
Annotations:      <none>
Status:           Running
IP:               10.42.0.56
IPs:
  IP:           10.42.0.56
Controlled By:  ReplicaSet/currencyservice-bcf6dd58d
Containers:
  server:
    Container ID:   containerd://8b257912f7535a37286ab6b636ce40a3b037ef41ace9127867c511666bbbab08
    Image:          currencyservice:a5fa4059f975f61e720dc6fc7dc1be00de2a9594
    Image ID:       sha256:62a69665da4fac76d96d17f84485afb4c325d8183eb8dd8959671c43c7eb35c1
    Port:           7000/TCP (grpc)
    Host Port:      0/TCP (grpc)
    State:          Waiting
      Reason:       CrashLoopBackOff
    Last State:     Terminated
      Reason:       Error
      Exit Code:    1
      Started:      Mon, 24 Aug 2026 15:23:48 -0300
      Finished:     Mon, 24 Aug 2026 15:23:50 -0300
    Ready:          False
    Restart Count:  3
    Limits:
      cpu:     200m
      memory:  128Mi
    Requests:
      cpu:      100m
      memory:   64Mi
    Liveness:   grpc <pod>:7000  delay=0s timeout=1s period=10s #success=1 #failure=3
    Readiness:  grpc <pod>:7000  delay=0s timeout=1s period=10s #success=1 #failure=3
    Environment:
      PORT:              999999
      DISABLE_PROFILER:  1
    Mounts:
      /var/run/secrets/kubernetes.io/serviceaccount from kube-api-access-g5pkm (ro)
Conditions:
  Type                        Status
  PodReadyToStartContainers   True 
  Initialized                 True 
  Ready                       False 
  ContainersReady             False 
  PodScheduled                True 
Volumes:
  kube-api-access-g5pkm:
    Type:                    Projected (a volume that contains injected data from multiple sources)
    TokenExpirationSeconds:  3607
    ConfigMapName:           kube-root-ca.crt
    Optional:                false
    DownwardAPI:             true
QoS Class:                   Burstable
Node-Selectors:              <none>
Tolerations:                 node.kubernetes.io/not-ready:NoExecute op=Exists for 300s
                             node.kubernetes.io/unreachable:NoExecute op=Exists for 300s
Events:
  Type     Reason     Age                From               Message
  ----     ------     ----               ----               -------
  Normal   Scheduled  53s                default-scheduler  Successfully assigned default/currencyservice-bcf6dd58d-tggxf to desktop-6t1gt23
  Warning  Unhealthy  35s                kubelet            spec.containers{server}: Liveness probe failed: timeout: failed to connect service "10.42.0.56:7000" within 1s: context deadline exceeded
  Normal   Pulled     14s (x4 over 53s)  kubelet            spec.containers{server}: Container image "currencyservice:a5fa4059f975f61e720dc6fc7dc1be00de2a9594" already present on machine and can be accessed by the pod
  Normal   Created    14s (x4 over 53s)  kubelet            spec.containers{server}: Container created
  Normal   Started    14s (x4 over 53s)  kubelet            spec.containers{server}: Container started
  Warning  Unhealthy  12s (x8 over 52s)  kubelet            spec.containers{server}: Readiness probe failed: timeout: failed to connect service "10.42.0.56:7000" within 1s: context deadline exceeded
  Warning  BackOff    9s (x7 over 48s)   kubelet            spec.containers{server}: Back-off restarting failed container server in pod currencyservice-bcf6dd58d-tggxf_default(7b53c8cd-8ff4-4417-91d4-94b426d015ca)
