build-test-deploy	Verificar rollout	﻿2026-08-24T18:46:14.1114361Z ##[group]Run kubectl rollout status deployment/currencyservice --timeout=30s
build-test-deploy	Verificar rollout	2026-08-24T18:46:14.1114884Z [36;1mkubectl rollout status deployment/currencyservice --timeout=30s[0m
build-test-deploy	Verificar rollout	2026-08-24T18:46:14.1136411Z shell: /usr/bin/bash -e {0}
build-test-deploy	Verificar rollout	2026-08-24T18:46:14.1136664Z ##[endgroup]
build-test-deploy	Verificar rollout	2026-08-24T18:46:14.7756941Z Waiting for deployment "currencyservice" rollout to finish: 1 old replicas are pending termination...
build-test-deploy	Verificar rollout	2026-08-24T18:46:41.3650894Z error: timed out waiting for the condition
build-test-deploy	Verificar rollout	2026-08-24T18:46:41.3726190Z ##[error]Process completed with exit code 1.

=== kubectl describe pod (diagnóstico local, capturado direto do cluster) ===
Name:             currencyservice-c65d6f4f4-xmqkr
Namespace:        default
Priority:         0
Service Account:  currencyservice
Node:             desktop-6t1gt23/172.30.163.109
Start Time:       Mon, 24 Aug 2026 15:46:14 -0300
Labels:           app=currencyservice
                  pod-template-hash=c65d6f4f4
Annotations:      <none>
Status:           Running
IP:               10.42.0.80
IPs:
  IP:           10.42.0.80
Controlled By:  ReplicaSet/currencyservice-c65d6f4f4
Containers:
  server:
    Container ID:   containerd://093a0de0aeaf4a1154ccacbeba4acda08e3ebf2ee0b7356f1705e8a0fef9fa90
    Image:          currencyservice:44640d225dc73d15fde7a12af45995fdee403e39
    Image ID:       sha256:62a69665da4fac76d96d17f84485afb4c325d8183eb8dd8959671c43c7eb35c1
    Port:           7000/TCP (grpc)
    Host Port:      0/TCP (grpc)
    State:          Running
      Started:      Mon, 24 Aug 2026 15:46:47 -0300
    Last State:     Terminated
      Reason:       Error
      Exit Code:    137
      Started:      Mon, 24 Aug 2026 15:46:14 -0300
      Finished:     Mon, 24 Aug 2026 15:46:47 -0300
    Ready:          False
    Restart Count:  1
    Limits:
      cpu:     200m
      memory:  128Mi
    Requests:
      cpu:      100m
      memory:   64Mi
    Liveness:   grpc <pod>:9999  delay=0s timeout=1s period=10s #success=1 #failure=3
    Readiness:  grpc <pod>:9999  delay=0s timeout=1s period=10s #success=1 #failure=3
    Environment:
      PORT:              7000
      DISABLE_PROFILER:  1
    Mounts:
      /var/run/secrets/kubernetes.io/serviceaccount from kube-api-access-sr5jj (ro)
Conditions:
  Type                        Status
  PodReadyToStartContainers   True 
  Initialized                 True 
  Ready                       False 
  ContainersReady             False 
  PodScheduled                True 
Volumes:
  kube-api-access-sr5jj:
    Type:                    Projected (a volume that contains injected data from multiple sources)
    TokenExpirationSeconds:  3607
    ConfigMapName:           kube-root-ca.crt
    Optional:                false
    DownwardAPI:             true
QoS Class:                   Burstable
Node-Selectors:              <none>
Tolerations:                 node.kubernetes.io/not-ready:NoExecute op=Exists for 300s
                             node.kubernetes.io/unreachable:NoExecute op=Exists for 300s
Events:
  Type     Reason     Age                From               Message
  ----     ------     ----               ----               -------
  Normal   Scheduled  56s                default-scheduler  Successfully assigned default/currencyservice-c65d6f4f4-xmqkr to desktop-6t1gt23
  Normal   Killing    28s                kubelet            spec.containers{server}: Container server failed liveness probe, will be restarted
  Normal   Pulled     23s (x2 over 56s)  kubelet            spec.containers{server}: Container image "currencyservice:44640d225dc73d15fde7a12af45995fdee403e39" already present on machine and can be accessed by the pod
  Normal   Created    23s (x2 over 56s)  kubelet            spec.containers{server}: Container created
  Normal   Started    23s (x2 over 56s)  kubelet            spec.containers{server}: Container started
  Warning  Unhealthy  8s (x5 over 45s)   kubelet            spec.containers{server}: Liveness probe failed: timeout: failed to connect service "10.42.0.80:9999" within 1s: context deadline exceeded
  Warning  Unhealthy  1s (x9 over 55s)   kubelet            spec.containers{server}: Readiness probe failed: timeout: failed to connect service "10.42.0.80:9999" within 1s: context deadline exceeded
