build-test-deploy	Verificar rollout	﻿2026-08-24T17:35:25.9571275Z ##[group]Run kubectl rollout status deployment/currencyservice --timeout=30s
build-test-deploy	Verificar rollout	2026-08-24T17:35:25.9571790Z [36;1mkubectl rollout status deployment/currencyservice --timeout=30s[0m
build-test-deploy	Verificar rollout	2026-08-24T17:35:25.9591369Z shell: /usr/bin/bash -e {0}
build-test-deploy	Verificar rollout	2026-08-24T17:35:25.9591601Z ##[endgroup]
build-test-deploy	Verificar rollout	2026-08-24T17:35:26.1324272Z Waiting for deployment "currencyservice" rollout to finish: 0 out of 1 new replicas have been updated...
build-test-deploy	Verificar rollout	2026-08-24T17:35:26.6007098Z Waiting for deployment "currencyservice" rollout to finish: 1 old replicas are pending termination...
build-test-deploy	Verificar rollout	2026-08-24T17:35:53.1977660Z error: timed out waiting for the condition
build-test-deploy	Verificar rollout	2026-08-24T17:35:53.2059609Z ##[error]Process completed with exit code 1.

=== kubectl describe pod (diagnóstico local, capturado direto do cluster) ===
Name:             currencyservice-78b5bb97c4-hdqtv
Namespace:        default
Priority:         0
Service Account:  currencyservice
Node:             desktop-6t1gt23/172.30.163.109
Start Time:       Mon, 24 Aug 2026 14:35:26 -0300
Labels:           app=currencyservice
                  pod-template-hash=78b5bb97c4
Annotations:      <none>
Status:           Pending
IP:               10.42.0.36
IPs:
  IP:           10.42.0.36
Controlled By:  ReplicaSet/currencyservice-78b5bb97c4
Containers:
  server:
    Container ID:   
    Image:          currencyservice:771d0ab36724b05c33b0f647db1addbc422b53ea-tagfake
    Image ID:       
    Port:           7000/TCP (grpc)
    Host Port:      0/TCP (grpc)
    State:          Waiting
      Reason:       ErrImagePull
    Ready:          False
    Restart Count:  0
    Limits:
      cpu:     200m
      memory:  128Mi
    Requests:
      cpu:      100m
      memory:   64Mi
    Liveness:   grpc <pod>:7000  delay=0s timeout=1s period=10s #success=1 #failure=3
    Readiness:  grpc <pod>:7000  delay=0s timeout=1s period=10s #success=1 #failure=3
    Environment:
      PORT:              7000
      DISABLE_PROFILER:  1
    Mounts:
      /var/run/secrets/kubernetes.io/serviceaccount from kube-api-access-txs96 (ro)
Conditions:
  Type                        Status
  PodReadyToStartContainers   True 
  Initialized                 True 
  Ready                       False 
  ContainersReady             False 
  PodScheduled                True 
Volumes:
  kube-api-access-txs96:
    Type:                    Projected (a volume that contains injected data from multiple sources)
    TokenExpirationSeconds:  3607
    ConfigMapName:           kube-root-ca.crt
    Optional:                false
    DownwardAPI:             true
QoS Class:                   Burstable
Node-Selectors:              <none>
Tolerations:                 node.kubernetes.io/not-ready:NoExecute op=Exists for 300s
                             node.kubernetes.io/unreachable:NoExecute op=Exists for 300s
Events:
  Type     Reason     Age                From               Message
  ----     ------     ----               ----               -------
  Normal   Scheduled  36s                default-scheduler  Successfully assigned default/currencyservice-78b5bb97c4-hdqtv to desktop-6t1gt23
  Normal   Pulling    21s (x2 over 35s)  kubelet            spec.containers{server}: Pulling image "currencyservice:771d0ab36724b05c33b0f647db1addbc422b53ea-tagfake"
  Warning  Failed     20s (x2 over 34s)  kubelet            spec.containers{server}: Failed to pull image "currencyservice:771d0ab36724b05c33b0f647db1addbc422b53ea-tagfake": failed to pull and unpack image "docker.io/library/currencyservice:771d0ab36724b05c33b0f647db1addbc422b53ea-tagfake": failed to resolve reference "docker.io/library/currencyservice:771d0ab36724b05c33b0f647db1addbc422b53ea-tagfake": pull access denied, repository does not exist or may require authorization: server message: insufficient_scope: authorization failed
  Warning  Failed     20s (x2 over 34s)  kubelet            spec.containers{server}: Error: ErrImagePull
  Normal   BackOff    8s (x2 over 34s)   kubelet            spec.containers{server}: Back-off pulling image "currencyservice:771d0ab36724b05c33b0f647db1addbc422b53ea-tagfake"
  Warning  Failed     8s (x2 over 34s)   kubelet            spec.containers{server}: Error: ImagePullBackOff
