build-test-deploy	Verificar rollout	﻿2026-08-24T17:18:04.3215294Z ##[group]Run kubectl rollout status deployment/currencyservice --timeout=30s
build-test-deploy	Verificar rollout	2026-08-24T17:18:04.3215925Z [36;1mkubectl rollout status deployment/currencyservice --timeout=30s[0m
build-test-deploy	Verificar rollout	2026-08-24T17:18:04.3243723Z shell: /usr/bin/bash -e {0}
build-test-deploy	Verificar rollout	2026-08-24T17:18:04.3244158Z ##[endgroup]
build-test-deploy	Verificar rollout	2026-08-24T17:18:04.8772265Z Waiting for deployment "currencyservice" rollout to finish: 1 old replicas are pending termination...
build-test-deploy	Verificar rollout	2026-08-24T17:18:31.6007070Z error: timed out waiting for the condition
build-test-deploy	Verificar rollout	2026-08-24T17:18:31.6085559Z ##[error]Process completed with exit code 1.

=== kubectl describe pod (diagnóstico local, capturado direto do cluster) ===
Name:             currencyservice-69ffc95d99-bd25x
Namespace:        default
Priority:         0
Service Account:  currencyservice
Node:             desktop-6t1gt23/172.30.163.109
Start Time:       Mon, 24 Aug 2026 14:18:04 -0300
Labels:           app=currencyservice
                  pod-template-hash=69ffc95d99
Annotations:      <none>
Status:           Pending
IP:               10.42.0.14
IPs:
  IP:           10.42.0.14
Controlled By:  ReplicaSet/currencyservice-69ffc95d99
Containers:
  server:
    Container ID:   
    Image:          gcr.io/projeto-fake-123/currencyservice:v1
    Image ID:       
    Port:           7000/TCP (grpc)
    Host Port:      0/TCP (grpc)
    State:          Waiting
      Reason:       ErrImagePull
    Ready:          False
    Restart Count:  0
    Limits:
      cpu:     200m
      memory:  128Mi
    Requests:
      cpu:      100m
      memory:   64Mi
    Liveness:   grpc <pod>:7000  delay=0s timeout=1s period=10s #success=1 #failure=3
    Readiness:  grpc <pod>:7000  delay=0s timeout=1s period=10s #success=1 #failure=3
    Environment:
      PORT:              7000
      DISABLE_PROFILER:  1
    Mounts:
      /var/run/secrets/kubernetes.io/serviceaccount from kube-api-access-6fbbg (ro)
Conditions:
  Type                        Status
  PodReadyToStartContainers   True 
  Initialized                 True 
  Ready                       False 
  ContainersReady             False 
  PodScheduled                True 
Volumes:
  kube-api-access-6fbbg:
    Type:                    Projected (a volume that contains injected data from multiple sources)
    TokenExpirationSeconds:  3607
    ConfigMapName:           kube-root-ca.crt
    Optional:                false
    DownwardAPI:             true
QoS Class:                   Burstable
Node-Selectors:              <none>
Tolerations:                 node.kubernetes.io/not-ready:NoExecute op=Exists for 300s
                             node.kubernetes.io/unreachable:NoExecute op=Exists for 300s
Events:
  Type     Reason     Age                From               Message
  ----     ------     ----               ----               -------
  Normal   Scheduled  36s                default-scheduler  Successfully assigned default/currencyservice-69ffc95d99-bd25x to desktop-6t1gt23
  Normal   Pulling    24s (x2 over 36s)  kubelet            spec.containers{server}: Pulling image "gcr.io/projeto-fake-123/currencyservice:v1"
  Warning  Failed     22s (x2 over 34s)  kubelet            spec.containers{server}: Failed to pull image "gcr.io/projeto-fake-123/currencyservice:v1": failed to pull and unpack image "gcr.io/projeto-fake-123/currencyservice:v1": failed to resolve reference "gcr.io/projeto-fake-123/currencyservice:v1": failed to authorize: failed to fetch anonymous token: unexpected status from GET request to https://gcr.io/v2/token?scope=repository%3Aprojeto-fake-123%2Fcurrencyservice%3Apull&scope=repository%3Aprojeto-fake-123%2Fgcr.io%2Fcurrencyservice%3Apull&service=gcr.io: 403 Forbidden
  Warning  Failed     22s (x2 over 34s)  kubelet            spec.containers{server}: Error: ErrImagePull
  Normal   BackOff    8s (x2 over 33s)   kubelet            spec.containers{server}: Back-off pulling image "gcr.io/projeto-fake-123/currencyservice:v1"
  Warning  Failed     8s (x2 over 33s)   kubelet            spec.containers{server}: Error: ImagePullBackOff
