build-test-deploy	Verificar rollout	﻿2026-08-24T17:24:16.6484611Z ##[group]Run kubectl rollout status deployment/currencyservice --timeout=30s
build-test-deploy	Verificar rollout	2026-08-24T17:24:16.6485500Z [36;1mkubectl rollout status deployment/currencyservice --timeout=30s[0m
build-test-deploy	Verificar rollout	2026-08-24T17:24:16.6510047Z shell: /usr/bin/bash -e {0}
build-test-deploy	Verificar rollout	2026-08-24T17:24:16.6510358Z ##[endgroup]
build-test-deploy	Verificar rollout	2026-08-24T17:24:17.0520212Z Waiting for deployment "currencyservice" rollout to finish: 1 old replicas are pending termination...
build-test-deploy	Verificar rollout	2026-08-24T17:24:43.9636668Z error: timed out waiting for the condition
build-test-deploy	Verificar rollout	2026-08-24T17:24:43.9725785Z ##[error]Process completed with exit code 1.

=== kubectl describe pod (diagnóstico local, capturado direto do cluster) ===
Name:             currencyservice-5d77c5fc96-w4njj
Namespace:        default
Priority:         0
Service Account:  currencyservice
Node:             desktop-6t1gt23/172.30.163.109
Start Time:       Mon, 24 Aug 2026 14:24:16 -0300
Labels:           app=currencyservice
                  pod-template-hash=5d77c5fc96
Annotations:      <none>
Status:           Pending
IP:               10.42.0.22
IPs:
  IP:           10.42.0.22
Controlled By:  ReplicaSet/currencyservice-5d77c5fc96
Containers:
  server:
    Container ID:   
    Image:          registry-privado-fake.example.com/currencyservice:v1
    Image ID:       
    Port:           7000/TCP (grpc)
    Host Port:      0/TCP (grpc)
    State:          Waiting
      Reason:       ImagePullBackOff
    Ready:          False
    Restart Count:  0
    Limits:
      cpu:     200m
      memory:  128Mi
    Requests:
      cpu:      100m
      memory:   64Mi
    Liveness:   grpc <pod>:7000  delay=0s timeout=1s period=10s #success=1 #failure=3
    Readiness:  grpc <pod>:7000  delay=0s timeout=1s period=10s #success=1 #failure=3
    Environment:
      PORT:              7000
      DISABLE_PROFILER:  1
    Mounts:
      /var/run/secrets/kubernetes.io/serviceaccount from kube-api-access-w5tgz (ro)
Conditions:
  Type                        Status
  PodReadyToStartContainers   True 
  Initialized                 True 
  Ready                       False 
  ContainersReady             False 
  PodScheduled                True 
Volumes:
  kube-api-access-w5tgz:
    Type:                    Projected (a volume that contains injected data from multiple sources)
    TokenExpirationSeconds:  3607
    ConfigMapName:           kube-root-ca.crt
    Optional:                false
    DownwardAPI:             true
QoS Class:                   Burstable
Node-Selectors:              <none>
Tolerations:                 node.kubernetes.io/not-ready:NoExecute op=Exists for 300s
                             node.kubernetes.io/unreachable:NoExecute op=Exists for 300s
Events:
  Type     Reason     Age                From               Message
  ----     ------     ----               ----               -------
  Normal   Scheduled  36s                default-scheduler  Successfully assigned default/currencyservice-5d77c5fc96-w4njj to desktop-6t1gt23
  Normal   BackOff    14s (x2 over 35s)  kubelet            spec.containers{server}: Back-off pulling image "registry-privado-fake.example.com/currencyservice:v1"
  Warning  Failed     14s (x2 over 35s)  kubelet            spec.containers{server}: Error: ImagePullBackOff
  Normal   Pulling    0s (x3 over 35s)   kubelet            spec.containers{server}: Pulling image "registry-privado-fake.example.com/currencyservice:v1"
  Warning  Failed     0s (x3 over 35s)   kubelet            spec.containers{server}: Failed to pull image "registry-privado-fake.example.com/currencyservice:v1": failed to pull and unpack image "registry-privado-fake.example.com/currencyservice:v1": failed to resolve reference "registry-privado-fake.example.com/currencyservice:v1": failed to do request: Head "https://registry-privado-fake.example.com/v2/currencyservice/manifests/v1": dial tcp: lookup registry-privado-fake.example.com: no such host
  Warning  Failed     0s (x3 over 35s)   kubelet            spec.containers{server}: Error: ErrImagePull
